  MediaEngine.Domain -> C:\Users\shaya\OneDrive\Documents\Source\Repos\tuvima-library\src\MediaEngine.Domain\bin\Release\net10.0\MediaEngine.Domain.dll
  MediaEngine.Plugins -> C:\Users\shaya\OneDrive\Documents\Source\Repos\tuvima-library\src\MediaEngine.Plugins\bin\Release\net10.0\MediaEngine.Plugins.dll
  MediaEngine.Identity -> C:\Users\shaya\OneDrive\Documents\Source\Repos\tuvima-library\src\MediaEngine.Identity\bin\Release\net10.0\MediaEngine.Identity.dll
  MediaEngine.Contracts -> C:\Users\shaya\OneDrive\Documents\Source\Repos\tuvima-library\src\MediaEngine.Contracts\bin\Release\net10.0\MediaEngine.Contracts.dll
  MediaEngine.Intelligence -> C:\Users\shaya\OneDrive\Documents\Source\Repos\tuvima-library\src\MediaEngine.Intelligence\bin\Release\net10.0\MediaEngine.Intelligence.dll
  MediaEngine.Domain.Tests -> C:\Users\shaya\OneDrive\Documents\Source\Repos\tuvima-library\tests\MediaEngine.Domain.Tests\bin\Release\net10.0\MediaEngine.Domain.Tests.dll
  MediaEngine.Plugin.MediaSegments -> C:\Users\shaya\OneDrive\Documents\Source\Repos\tuvima-library\src\MediaEngine.Plugin.MediaSegments\bin\Release\net10.0\MediaEngine.Plugin.MediaSegments.dll
  MediaEngine.Plugin.FandomLore -> C:\Users\shaya\OneDrive\Documents\Source\Repos\tuvima-library\src\MediaEngine.Plugin.FandomLore\bin\Release\net10.0\MediaEngine.Plugin.FandomLore.dll
  MediaEngine.Plugin.CommercialSkip -> C:\Users\shaya\OneDrive\Documents\Source\Repos\tuvima-library\src\MediaEngine.Plugin.CommercialSkip\bin\Release\net10.0\MediaEngine.Plugin.CommercialSkip.dll
  MediaEngine.Providers -> C:\Users\shaya\OneDrive\Documents\Source\Repos\tuvima-library\src\MediaEngine.Providers\bin\Release\net10.0\MediaEngine.Providers.dll
  MediaEngine.Processors -> C:\Users\shaya\OneDrive\Documents\Source\Repos\tuvima-library\src\MediaEngine.Processors\bin\Release\net10.0\MediaEngine.Processors.dll
  MediaEngine.Storage -> C:\Users\shaya\OneDrive\Documents\Source\Repos\tuvima-library\src\MediaEngine.Storage\bin\Release\net10.0\MediaEngine.Storage.dll
  MediaEngine.Application -> C:\Users\shaya\OneDrive\Documents\Source\Repos\tuvima-library\src\MediaEngine.Application\bin\Release\net10.0\MediaEngine.Application.dll
  MediaEngine.AI -> C:\Users\shaya\OneDrive\Documents\Source\Repos\tuvima-library\src\MediaEngine.AI\bin\Release\net10.0\MediaEngine.AI.dll
  MediaEngine.Ingestion -> C:\Users\shaya\OneDrive\Documents\Source\Repos\tuvima-library\src\MediaEngine.Ingestion\bin\Release\net10.0\MediaEngine.Ingestion.dll
  MediaEngine.Storage.Tests -> C:\Users\shaya\OneDrive\Documents\Source\Repos\tuvima-library\tests\MediaEngine.Storage.Tests\bin\Release\net10.0\MediaEngine.Storage.Tests.dll
  MediaEngine.Processors.Tests -> C:\Users\shaya\OneDrive\Documents\Source\Repos\tuvima-library\tests\MediaEngine.Processors.Tests\bin\Release\net10.0\MediaEngine.Processors.Tests.dll
  MediaEngine.Admin -> C:\Users\shaya\OneDrive\Documents\Source\Repos\tuvima-library\src\MediaEngine.Admin\bin\Release\net10.0\tuvima-admin.dll
  MediaEngine.Providers.Tests -> C:\Users\shaya\OneDrive\Documents\Source\Repos\tuvima-library\tests\MediaEngine.Providers.Tests\bin\Release\net10.0\MediaEngine.Providers.Tests.dll
  MediaEngine.Identity.Tests -> C:\Users\shaya\OneDrive\Documents\Source\Repos\tuvima-library\tests\MediaEngine.Identity.Tests\bin\Release\net10.0\MediaEngine.Identity.Tests.dll
  MediaEngine.Intelligence.Tests -> C:\Users\shaya\OneDrive\Documents\Source\Repos\tuvima-library\tests\MediaEngine.Intelligence.Tests\bin\Release\net10.0\MediaEngine.Intelligence.Tests.dll
  MediaEngine.Ingestion.Tests -> C:\Users\shaya\OneDrive\Documents\Source\Repos\tuvima-library\tests\MediaEngine.Ingestion.Tests\bin\Release\net10.0\MediaEngine.Ingestion.Tests.dll
  MediaEngine.Admin.Tests -> C:\Users\shaya\OneDrive\Documents\Source\Repos\tuvima-library\tests\MediaEngine.Admin.Tests\bin\Release\net10.0\MediaEngine.Admin.Tests.dll
  MediaEngine.AI.Tests -> C:\Users\shaya\OneDrive\Documents\Source\Repos\tuvima-library\tests\MediaEngine.AI.Tests\bin\Release\net10.0\MediaEngine.AI.Tests.dll
  MediaEngine.Web -> C:\Users\shaya\OneDrive\Documents\Source\Repos\tuvima-library\src\MediaEngine.Web\bin\Release\net10.0\MediaEngine.Web.dll
  MediaEngine.Api -> C:\Users\shaya\OneDrive\Documents\Source\Repos\tuvima-library\src\MediaEngine.Api\bin\Release\net10.0\MediaEngine.Api.dll
  MediaEngine.Web.Tests -> C:\Users\shaya\OneDrive\Documents\Source\Repos\tuvima-library\tests\MediaEngine.Web.Tests\bin\Release\net10.0\MediaEngine.Web.Tests.dll
  MediaEngine.Performance.Tests -> C:\Users\shaya\OneDrive\Documents\Source\Repos\tuvima-library\tests\MediaEngine.Performance.Tests\bin\Release\net10.0\MediaEngine.Performance.Tests.dll
  MediaEngine.Contracts.Tests -> C:\Users\shaya\OneDrive\Documents\Source\Repos\tuvima-library\tests\MediaEngine.Contracts.Tests\bin\Release\net10.0\MediaEngine.Contracts.Tests.dll
  MediaEngine.Api.Tests -> C:\Users\shaya\OneDrive\Documents\Source\Repos\tuvima-library\tests\MediaEngine.Api.Tests\bin\Release\net10.0\MediaEngine.Api.Tests.dll

Build succeeded.
    0 Warning(s)
    0 Error(s)

Time Elapsed 00:00:12.16
